A                     ( .10000000000000000E 01)                                                                         
                    + ( .20000000000000000E 01) e_1 + ( .30000000000000000E 01) e_2                                     
                    + ( .40000000000000000E 01) e_{12}                                                                  
B                     ( .10000000000000000E 01)                                                                         
C                     ( .20000000000000000E 01) e_1 + ( .30000000000000000E 01) e_2                                     
D                     ( .40000000000000000E 01) e_{12}                                                                  
1                     ( .10000000000000000E 01)                                                                         
e_1                   ( .10000000000000000E 01) e_1                                                                     
e_2                   ( .10000000000000000E 01) e_2                                                                     
e_{12}                ( .10000000000000000E 01) e_{12}                                                                  
A * 1                 ( .10000000000000000E 01)                                                                         
                    + ( .20000000000000000E 01) e_1 + ( .30000000000000000E 01) e_2                                     
                    + ( .40000000000000000E 01) e_{12}                                                                  
A * e_1               ( .20000000000000000E 01)                                                                         
                    + ( .10000000000000000E 01) e_1 + (-.40000000000000000E 01) e_2                                     
                    + (-.30000000000000000E 01) e_{12}                                                                  
A * e_2               ( .30000000000000000E 01)                                                                         
                    + ( .40000000000000000E 01) e_1 + ( .10000000000000000E 01) e_2                                     
                    + ( .20000000000000000E 01) e_{12}                                                                  
A * e_{12}            (-.40000000000000000E 01)                                                                         
                    + (-.30000000000000000E 01) e_1 + ( .20000000000000000E 01) e_2                                     
                    + ( .10000000000000000E 01) e_{12}                                                                  
A * 2                 ( .20000000000000000E 01)                                                                         
                    + ( .40000000000000000E 01) e_1 + ( .60000000000000000E 01) e_2                                     
                    + ( .80000000000000000E 01) e_{12}                                                                  
e_1 e_2 + e_2 e_1   0                                                                                                   
e_1 e_2 - e_2 e_1     ( .20000000000000000E 01) e_{12}                                                                  
e_1 e_1 + e_1 e_1     ( .20000000000000000E 01)                                                                         
e_1 e_1 - e_1 e_1   0                                                                                                   
<A>_0                 ( .10000000000000000E 01)                                                                         
<A>_1                 ( .20000000000000000E 01) e_1 + ( .30000000000000000E 01) e_2                                     
<A>_2                 ( .40000000000000000E 01) e_{12}                                                                  
